// Jest Snapshot v1, https://goo.gl/fbAQLP

exports[`Error Page renders correctly 1`] = `
<div
  className="sc-bdnylx hIdRAQ sc-bqGHjH hLMTUB"
>
  <div
    className="sc-hKFyIo eWsAkW"
  >
    <div
      className="sc-eCApGN kkZXBL"
    >
      <h1
        className="sc-gKAblj kFnSlV"
      >
        Whoopsiess
      </h1>
      <h2
        className="sc-fujyUd khRgyl"
      >
        40404 we did a whoooopsiess
      </h2>
    </div>
  </div>
  <div
    className="sc-kEqYlL bsUMBb"
  />
</div>
`;
