// Jest Snapshot v1, https://goo.gl/fbAQLP

exports[`Error Page renders correctly 1`] = `
<div
  className="sc-AxjAm kiCCiV sc-fznZeY dxuBCw"
>
  <div
    className="sc-AxhCb cPqAfH"
  >
    <div
      className="sc-AxhUy dyROGL"
    >
      <h1
        className="sc-AxheI hsSckG"
      >
        Whoopsiess
      </h1>
      <h2
        className="sc-AxmLO iNTUqA"
      >
        40404 we did a whoooopsiess
      </h2>
    </div>
  </div>
  <div
    className="sc-fzpans gAmEVq"
  />
</div>
`;
